home                   1440  http:200  height design 6417 / wp 6432 (+15)
services               1440  http:200  height design 3798 / wp 3784 (-14)
seo                    1440  http:200  height design 7581 / wp 7565 (-16)
seo-technical          1440  http:200  height design 4645 / wp 4645 (+0)
seo-on-page            1440  http:200  height design 3653 / wp 3653 (+0)
seo-content            1440  http:200  height design 4276 / wp 4276 (+0)
seo-backlinks          1440  http:200  height design 4403 / wp 4403 (+0)
seo-consulting         1440  http:200  height design 3714 / wp 3708 (-6)
seo-ksa                1440  http:200  height design 6436 / wp 6439 (+3)
seo-egypt              1440  http:200  height design 6803 / wp 6806 (+3)
seo-uae                1440  http:200  height design 7210 / wp 7213 (+3)
web-design             1440  http:200  height design 4049 / wp 4037 (-12)
web-wordpress          1440  http:200  height design 4061 / wp 4061 (+0)
web-webflow            1440  http:200  height design 3730 / wp 3730 (+0)
web-react-next         1440  http:200  height design 4017 / wp 4017 (+0)
web-custom-dev         1440  http:200  height design 3838 / wp 3838 (+0)
stores                 1440  http:200  height design 4010 / wp 4010 (+0)
stores-shopify         1440  http:200  height design 4072 / wp 4072 (+0)
stores-salla           1440  http:200  height design 3721 / wp 3721 (+0)
stores-zid             1440  http:200  height design 3763 / wp 3763 (+0)
stores-woocommerce     1440  http:200  height design 3927 / wp 3927 (+0)
products               1440  http:200  height design 4036 / wp 4033 (-3)
sectors                1440  http:200  height design 3570 / wp 3570 (+0)
sector-ecommerce       1440  http:200  height design 4536 / wp 4536 (+0)
sector-health          1440  http:200  height design 5039 / wp 5039 (+0)
sector-real-estate     1440  http:200  height design 4039 / wp 4039 (+0)
sector-education       1440  http:200  height design 3897 / wp 3897 (+0)
sector-tourism         1440  http:200  height design 3825 / wp 3825 (+0)
sector-tech            1440  http:200  height design 3836 / wp 3836 (+0)
sector-legal           1440  http:200  height design 3632 / wp 3632 (+0)
sector-food            1440  http:200  height design 3893 / wp 3893 (+0)
results                1440  http:200  height design 2052 / wp 2052 (+0)
about                  1440  http:200  height design 2793 / wp 2793 (+0)
team                   1440  http:200  height design 5223 / wp 5223 (+0)
pricing                1440  http:200  height design 3984 / wp 3984 (+0)
contact                1440  http:200  height design 1857 / wp 1857 (+0)
thank-you              1440  http:200  height design 1123 / wp 1123 (+0)
privacy-policy         1440  http:404  height design 1744 / wp 900 (-844)  JS: Failed to load resource: the server responded with a status of 404 (Not Found)
terms                  1440  http:404  height design 1871 / wp 900 (-971)  JS: Failed to load resource: the server responded with a status of 404 (Not Found)
blog                   1440  http:200  height design 1518 / wp 1009 (-509)
blog-category          1440  http:200  height design 1229 / wp 900 (-329)
single-post            1440  http:200  height design 6011 / wp 5979 (-32)
case-health            1440  http:200  height design 2301 / wp 2285 (-16)
case-ecommerce         1440  http:200  height design 2301 / wp 2285 (-16)
case-education         1440  http:200  height design 2267 / wp 2251 (-16)
case-organic-revenue   1440  http:404  height design 2840 / wp 900 (-1940)  JS: Failed to load resource: the server responded with a status of 404 (Not Found)
case-medical-search    1440  http:404  height design 2923 / wp 900 (-2023)  JS: Failed to load resource: the server responded with a status of 404 (Not Found)
team-member            1440  http:200  height design 2031 / wp 2031 (+0)
search                 1440  http:200  height design 1507 / wp 2742 (+1235)
404                    1440  http:404  height design 900 / wp 900 (+0)  JS: Failed to load resource: the server responded with a status of 404 (Not Found)
home                    768  http:200  height design 7356 / wp 7038 (-318)
services                768  http:200  height design 5261 / wp 5261 (+0)
seo                     768  http:200  height design 9595 / wp 9565 (-30)
seo-technical           768  http:200  height design 6703 / wp 6703 (+0)
seo-on-page             768  http:200  height design 4669 / wp 4669 (+0)
seo-content             768  http:200  height design 5635 / wp 5635 (+0)
seo-backlinks           768  http:200  height design 5877 / wp 5877 (+0)
seo-consulting          768  http:200  height design 4722 / wp 4710 (-12)
seo-ksa                 768  http:200  height design 8109 / wp 8120 (+11)
seo-egypt               768  http:200  height design 8631 / wp 8642 (+11)
seo-uae                 768  http:200  height design 8874 / wp 8885 (+11)
web-design              768  http:200  height design 5516 / wp 5498 (-18)
web-wordpress           768  http:200  height design 5254 / wp 5254 (+0)
web-webflow             768  http:200  height design 5175 / wp 5175 (+0)
web-react-next          768  http:200  height design 4818 / wp 4818 (+0)
web-custom-dev          768  http:200  height design 5719 / wp 5719 (+0)
stores                  768  http:200  height design 5634 / wp 5634 (+0)
stores-shopify          768  http:200  height design 4439 / wp 4439 (+0)
stores-salla            768  http:200  height design 4671 / wp 4671 (+0)
stores-zid              768  http:200  height design 4678 / wp 4678 (+0)
stores-woocommerce      768  http:200  height design 4389 / wp 4389 (+0)
products                768  http:200  height design 5838 / wp 5835 (-3)
sectors                 768  http:200  height design 4424 / wp 4424 (+0)
sector-ecommerce        768  http:200  height design 5886 / wp 5886 (+0)
sector-health           768  http:200  height design 6130 / wp 6130 (+0)
sector-real-estate      768  http:200  height design 5007 / wp 5007 (+0)
sector-education        768  http:200  height design 4700 / wp 4700 (+0)
sector-tourism          768  http:200  height design 4730 / wp 4730 (+0)
sector-tech             768  http:200  height design 4828 / wp 4828 (+0)
sector-legal            768  http:200  height design 4418 / wp 4418 (+0)
sector-food             768  http:200  height design 4860 / wp 4860 (+0)
results                 768  http:200  height design 2455 / wp 2455 (+0)
about                   768  http:200  height design 3481 / wp 3485 (+4)
team                    768  http:200  height design 6065 / wp 6065 (+0)
pricing                 768  http:200  height design 5091 / wp 5091 (+0)
contact                 768  http:200  height design 2625 / wp 2625 (+0)
thank-you               768  http:200  height design 1524 / wp 1524 (+0)
privacy-policy          768  http:404  height design 2450 / wp 1290 (-1160)  JS: Failed to load resource: the server responded with a status of 404 (Not Found)
terms                   768  http:404  height design 2575 / wp 1290 (-1285)  JS: Failed to load resource: the server responded with a status of 404 (Not Found)
blog                    768  http:200  height design 2217 / wp 1395 (-822)
blog-category           768  http:200  height design 1849 / wp 1335 (-514)
single-post             768  http:200  height design 6311 / wp 6577 (+266)
case-health             768  http:200  height design 2574 / wp 2558 (-16)
case-ecommerce          768  http:200  height design 2574 / wp 2558 (-16)
case-education          768  http:200  height design 2540 / wp 2524 (-16)
case-organic-revenue    768  http:404  height design 2918 / wp 1290 (-1628)  JS: Failed to load resource: the server responded with a status of 404 (Not Found)
case-medical-search     768  http:404  height design 3004 / wp 1290 (-1714)  JS: Failed to load resource: the server responded with a status of 404 (Not Found)
team-member             768  http:200  height design 2489 / wp 2489 (+0)
search                  768  http:200  height design 1904 / wp 3394 (+1490)
404                     768  http:404  height design 1290 / wp 1290 (+0)  JS: Failed to load resource: the server responded with a status of 404 (Not Found)
home                    390  http:200  height design 10608 / wp 10208 (-400)
services                390  http:200  height design 6811 / wp 6764 (-47)
seo                     390  http:200  height design 11401 / wp 11342 (-59)
seo-technical           390  http:200  height design 7437 / wp 7405 (-32)
seo-on-page             390  http:200  height design 5771 / wp 5739 (-32)
seo-content             390  http:200  height design 6488 / wp 6456 (-32)
seo-backlinks           390  http:200  height design 6562 / wp 6530 (-32)
seo-consulting          390  http:200  height design 5865 / wp 5808 (-57)
seo-ksa                 390  http:200  height design 9790 / wp 9769 (-21)
seo-egypt               390  http:200  height design 10556 / wp 10535 (-21)
seo-uae                 390  http:200  height design 11727 / wp 11706 (-21)
web-design              390  http:200  height design 7328 / wp 7260 (-68)
web-wordpress           390  http:200  height design 5885 / wp 5853 (-32)
web-webflow             390  http:200  height design 5740 / wp 5708 (-32)
web-react-next          390  http:200  height design 5813 / wp 5780 (-33)
web-custom-dev          390  http:200  height design 5921 / wp 5889 (-32)
stores                  390  http:200  height design 6862 / wp 6830 (-32)
stores-shopify          390  http:200  height design 5788 / wp 5700 (-88)
stores-salla            390  http:200  height design 5433 / wp 5401 (-32)
stores-zid              390  http:200  height design 5798 / wp 5766 (-32)
stores-woocommerce      390  http:200  height design 5142 / wp 5110 (-32)
products                390  http:200  height design 7237 / wp 7201 (-36)
sectors                 390  http:200  height design 5129 / wp 5097 (-32)
sector-ecommerce        390  http:200  height design 7657 / wp 7625 (-32)
sector-health           390  http:200  height design 7739 / wp 7707 (-32)
sector-real-estate      390  http:200  height design 6512 / wp 6480 (-32)
sector-education        390  http:200  height design 6320 / wp 6288 (-32)
sector-tourism          390  http:200  height design 6123 / wp 6091 (-32)
sector-tech             390  http:200  height design 6368 / wp 6336 (-32)
sector-legal            390  http:200  height design 5746 / wp 5714 (-32)
sector-food             390  http:200  height design 6432 / wp 6400 (-32)
results                 390  http:200  height design 3212 / wp 3180 (-32)
about                   390  http:200  height design 4362 / wp 4336 (-26)
team                    390  http:200  height design 14660 / wp 14628 (-32)
pricing                 390  http:200  height design 6197 / wp 6165 (-32)
contact                 390  http:200  height design 3126 / wp 3094 (-32)
thank-you               390  http:200  height design 1594 / wp 1562 (-32)
privacy-policy          390  http:404  height design 2557 / wp 1392 (-1165)  JS: Failed to load resource: the server responded with a status of 404 (Not Found)
terms                   390  http:404  height design 2737 / wp 1392 (-1345)  JS: Failed to load resource: the server responded with a status of 404 (Not Found)
blog                    390  http:200  height design 2618 / wp 1562 (-1056)
blog-category           390  http:200  height design 2092 / wp 1409 (-683)
single-post             390  http:200  height design 8985 / wp 8757 (-228)
case-health             390  http:200  height design 3305 / wp 3257 (-48)
case-ecommerce          390  http:200  height design 3488 / wp 3440 (-48)
case-education          390  http:200  height design 3491 / wp 3443 (-48)
case-organic-revenue    390  http:404  height design 3716 / wp 1392 (-2324)  JS: Failed to load resource: the server responded with a status of 404 (Not Found)
case-medical-search     390  http:404  height design 3477 / wp 1392 (-2085)  JS: Failed to load resource: the server responded with a status of 404 (Not Found)
team-member             390  http:200  height design 2894 / wp 2861 (-33)
search                  390  http:200  height design 2045 / wp 3748 (+1703)
404                     390  http:404  height design 1424 / wp 1392 (-32)  JS: Failed to load resource: the server responded with a status of 404 (Not Found)
